Sakon@SAKON-SE MINGW64 /d/Man/FullStack/workshop (master)
$ git add .

Sakon@SAKON-SE MINGW64 /d/Man/FullStack/workshop (master)
$ git status
On branch master
Your branch is up to date with 'origin/master'.

Changes to be committed:
  (use "git restore --staged <file>..." to unstage)
        new file:   CSS/Div_container.html
        new file:   CSS/README.md
        new file:   CSS/Workshop_garary.html
        new file:   CSS/boxshadows.html
        new file:   CSS/boxsizeing_center.html
        new file:   CSS/unit.html


Sakon@SAKON-SE MINGW64 /d/Man/FullStack/workshop (master)
$ git commit -m "add_workshop_more1"
[master 9fcd385] add_workshop_more1
 6 files changed, 339 insertions(+)
 create mode 100644 CSS/Div_container.html
 create mode 100644 CSS/README.md
 create mode 100644 CSS/Workshop_garary.html
 create mode 100644 CSS/boxshadows.html
 create mode 100644 CSS/boxsizeing_center.html
 create mode 100644 CSS/unit.html

Sakon@SAKON-SE MINGW64 /d/Man/FullStack/workshop (master)
$ git push
Enumerating objects: 11, done.
Counting objects: 100% (11/11), done.
Delta compression using up to 8 threads
Compressing objects: 100% (8/8), done.
Writing objects: 100% (9/9), 3.48 KiB | 3.48 MiB/s, done.
Total 9 (delta 1), reused 0 (delta 0), pack-reused 0
remote: Resolving deltas: 100% (1/1), done.
To https://github.com/manhaang/workshop.git
   2c43ce6..9fcd385  master -> master
