Rebase3

Rebase5

Sakon@SAKON-SE MINGW64 /d/Man/FullStack/workshop (master)
$ git branch rebase

Sakon@SAKON-SE MINGW64 /d/Man/FullStack/workshop (master)
$ git branch
  develop
  feature-1
  feature-2
* master
  rebase

Sakon@SAKON-SE MINGW64 /d/Man/FullStack/workshop (master)
$ git branch -d rebase
Deleted branch rebase (was 62fe148).

Sakon@SAKON-SE MINGW64 /d/Man/FullStack/workshop (master)
$ git branch
  develop
  feature-1
  feature-2
* master

Sakon@SAKON-SE MINGW64 /d/Man/FullStack/workshop (master)
$ git branch rebase

Sakon@SAKON-SE MINGW64 /d/Man/FullStack/workshop (master)
$ git commit -am "addrebase"
On branch master
Your branch is ahead of 'origin/master' by 2 commits.
  (use "git push" to publish your local commits)

Untracked files:
  (use "git add <file>..." to include in what will be committed)
        git/Lab_Rebase.txt

nothing added to commit but untracked files present (use "git add" to track)

Sakon@SAKON-SE MINGW64 /d/Man/FullStack/workshop (master)
$ git add .

Sakon@SAKON-SE MINGW64 /d/Man/FullStack/workshop (master)
$ git commit -m "addrebase"
[master 6a401bf] addrebase
 1 file changed, 1 insertion(+)
 create mode 100644 git/Lab_Rebase.txt

Sakon@SAKON-SE MINGW64 /d/Man/FullStack/workshop (master)
$ git push
Enumerating objects: 6, done.
Counting objects: 100% (6/6), done.
Delta compression using up to 8 threads
Compressing objects: 100% (3/3), done.
Writing objects: 100% (4/4), 337 bytes | 337.00 KiB/s, done.
Total 4 (delta 2), reused 0 (delta 0), pack-reused 0
remote: Resolving deltas: 100% (2/2), completed with 2 local objects.
To https://github.com/manhaang/workshop.git
   1851fa6..6a401bf  master -> master

Sakon@SAKON-SE MINGW64 /d/Man/FullStack/workshop (master)
$ git branch
  develop
  feature-1
  feature-2
* master
  rebase

Sakon@SAKON-SE MINGW64 /d/Man/FullStack/workshop (master)
$ git branch -d rebase
Deleted branch rebase (was 62fe148).

Sakon@SAKON-SE MINGW64 /d/Man/FullStack/workshop (master)
$ git branch rebase

Sakon@SAKON-SE MINGW64 /d/Man/FullStack/workshop (master)
$ git add .

Sakon@SAKON-SE MINGW64 /d/Man/FullStack/workshop (master)
$ git commit -m "addbranch_rebase"
On branch master
Your branch is up to date with 'origin/master'.

nothing to commit, working tree clean

Sakon@SAKON-SE MINGW64 /d/Man/FullStack/workshop (master)
$ git puse
git: 'puse' is not a git command. See 'git --help'.

The most similar command is
        push

Sakon@SAKON-SE MINGW64 /d/Man/FullStack/workshop (master)
$ git push
Everything up-to-date

Sakon@SAKON-SE MINGW64 /d/Man/FullStack/workshop (master)
$ git checkout rebase
Switched to branch 'rebase'

Sakon@SAKON-SE MINGW64 /d/Man/FullStack/workshop (rebase)
$ git status
On branch rebase
nothing to commit, working tree clean

Sakon@SAKON-SE MINGW64 /d/Man/FullStack/workshop (rebase)
$ git add .

Sakon@SAKON-SE MINGW64 /d/Man/FullStack/workshop (rebase)
$ git commit -m "rebase add"
On branch rebase
nothing to commit, working tree clean

Sakon@SAKON-SE MINGW64 /d/Man/FullStack/workshop (rebase)
$ git push -u origin rebase
Total 0 (delta 0), reused 0 (delta 0), pack-reused 0
remote: 
remote: Create a pull request for 'rebase' on GitHub by visiting:
remote:      https://github.com/manhaang/workshop/pull/new/rebase
remote:
To https://github.com/manhaang/workshop.git
 * [new branch]      rebase -> rebase
branch 'rebase' set up to track 'origin/rebase'.

Sakon@SAKON-SE MINGW64 /d/Man/FullStack/workshop (rebase)
$ git status
On branch rebase
Your branch is up to date with 'origin/rebase'.

Changes not staged for commit:
  (use "git add <file>..." to update what will be committed)
  (use "git restore <file>..." to discard changes in working directory)
        modified:   git/Lab_Rebase.txt

no changes added to commit (use "git add" and/or "git commit -a")

Sakon@SAKON-SE MINGW64 /d/Man/FullStack/workshop (rebase)
$ git add .

Sakon@SAKON-SE MINGW64 /d/Man/FullStack/workshop (rebase)
$ git conmit -m "add-TEXT REBAE "
git: 'conmit' is not a git command. See 'git --help'.

The most similar command is
        commit

Sakon@SAKON-SE MINGW64 /d/Man/FullStack/workshop (rebase)
$ git commit -m "add-TEXT REBAE"
[rebase 83b0b71] add-TEXT REBAE
 1 file changed, 5 insertions(+), 1 deletion(-)

Sakon@SAKON-SE MINGW64 /d/Man/FullStack/workshop (rebase)
$ git push -u origin rebase
Enumerating objects: 7, done.
Counting objects: 100% (7/7), done.
Delta compression using up to 8 threads
Compressing objects: 100% (3/3), done.
Writing objects: 100% (4/4), 341 bytes | 341.00 KiB/s, done.
Total 4 (delta 2), reused 0 (delta 0), pack-reused 0
remote: Resolving deltas: 100% (2/2), completed with 2 local objects.
To https://github.com/manhaang/workshop.git
   6a401bf..83b0b71  rebase -> rebase
branch 'rebase' set up to track 'origin/rebase'.

Sakon@SAKON-SE MINGW64 /d/Man/FullStack/workshop (rebase)
$ git rebase master
Current branch rebase is up to date.

Sakon@SAKON-SE MINGW64 /d/Man/FullStack/workshop (rebase)
$ git add .

Sakon@SAKON-SE MINGW64 /d/Man/FullStack/workshop (rebase)
$ git commit -m "add-TEXT REBAE"
[rebase 51f2cad] add-TEXT REBAE
 1 file changed, 2 deletions(-)

Sakon@SAKON-SE MINGW64 /d/Man/FullStack/workshop (rebase)
$ git commit -m "add-TEXT REBAE1"
On branch rebase
Your branch is ahead of 'origin/rebase' by 1 commit.
  (use "git push" to publish your local commits)

nothing to commit, working tree clean

Sakon@SAKON-SE MINGW64 /d/Man/FullStack/workshop (rebase)
$ git push -u origin rebase
Enumerating objects: 7, done.
Counting objects: 100% (7/7), done.
Delta compression using up to 8 threads
Compressing objects: 100% (3/3), done.
Writing objects: 100% (4/4), 337 bytes | 337.00 KiB/s, done.
Total 4 (delta 2), reused 0 (delta 0), pack-reused 0
remote: Resolving deltas: 100% (2/2), completed with 2 local objects.
To https://github.com/manhaang/workshop.git
   83b0b71..51f2cad  rebase -> rebase
branch 'rebase' set up to track 'origin/rebase'.

Sakon@SAKON-SE MINGW64 /d/Man/FullStack/workshop (rebase)
$ git rebase master
Current branch rebase is up to date.

Sakon@SAKON-SE MINGW64 /d/Man/FullStack/workshop (rebase)
$






